To honour the JVM settings for this build a single-use Daemon process will be forked. For more on this, please refer to https://docs.gradle.org/8.12/userguide/gradle_daemon.html#sec:disabling_the_daemon in the Gradle documentation.
Daemon will be stopped at the end of the build 

> Configure project :
Creating Minecraft artifacts without recompilation.

> Task :createMinecraftArtifacts UP-TO-DATE
> Task :compileJava UP-TO-DATE
> Task :processResources UP-TO-DATE
> Task :classes UP-TO-DATE
> Task :downloadAssets UP-TO-DATE
> Task :writeClientLegacyClasspath UP-TO-DATE
> Task :prepareClientRun UP-TO-DATE

> Task :runClient
WARN StatusConsoleListener Advanced terminal features are not available in this environment
[10:12:45] [main/INFO] [cp.mo.mo.Launcher/MODLAUNCHER]: ModLauncher running: args [--launchTarget, forgeclientdev, --version, 21.1.219, --assetIndex, 17, --assetsDir, C:\\Users\\Administrator\\.gradle\\caches\\neoformruntime\\assets, --gameDir, ., --fml.fmlVersion, 4.0.42, --fml.mcVersion, 1.21.1, --fml.neoForgeVersion, 21.1.219, --fml.neoFormVersion, 20240808.144430]
[10:12:45] [main/INFO] [cp.mo.mo.Launcher/MODLAUNCHER]: JVM identified as Microsoft OpenJDK 64-Bit Server VM 21.0.3+9-LTS
[10:12:45] [main/INFO] [cp.mo.mo.Launcher/MODLAUNCHER]: ModLauncher 11.0.5+main.901c6ea8 starting: java version 21.0.3 by Microsoft; OS Windows 11 arch amd64 version 10.0
[10:12:45] [main/INFO] [ne.ne.fm.lo.ImmediateWindowHandler/]: Loading ImmediateWindowProvider fmlearlywindow
[10:12:45] [main/INFO] [EARLYDISPLAY/]: Trying GL version 4.6
[10:12:46] [main/INFO] [EARLYDISPLAY/]: Requested GL version 4.6 got version 4.6
[10:12:46] [main/INFO] [mixin/]: SpongePowered MIXIN Subsystem Version=0.8.7 Source=union:/C:/Users/Administrator/.gradle/caches/modules-2/files-2.1/net.fabricmc/sponge-mixin/0.15.2+mixin.0.8.7/2af2f021d8e02a0220dc27a7a72b4666d66d44ca/sponge-mixin-0.15.2+mixin.0.8.7.jar%23138!/ Service=ModLauncher Env=CLIENT
[10:12:46] [pool-2-thread-1/INFO] [EARLYDISPLAY/]: GL info: NVIDIA GeForce RTX 4060 Laptop GPU/PCIe/SSE2 GL version 4.6.0 NVIDIA 610.88, NVIDIA Corporation
[10:12:47] [main/WARN] [ne.ne.ja.se.JarSelector/]: Attempted to select a dependency jar for JarJar which was passed in as source: library:Registrate.MC1._21._67. Using Mod File: C:\Users\Administrator\.gradle\caches\modules-2\files-2.1\com.tterrag.registrate\Registrate\MC1.21-1.3.0+67\66ddc4cd56472fea1ea1a24182901e6c92a51c0a\Registrate-MC1.21-1.3.0+67.jar
[10:12:47] [main/WARN] [ne.ne.ja.se.JarSelector/]: Attempted to select a dependency jar for JarJar which was passed in as source: flywheel. Using Mod File: C:\Users\Administrator\.gradle\caches\modules-2\files-2.1\dev.engine-room.flywheel\flywheel-neoforge-1.21.1\1.0.6\a943872ad0bdd4458d818d8d7dc123fb250eb744\flywheel-neoforge-1.21.1-1.0.6.jar
[10:12:47] [main/WARN] [ne.ne.ja.se.JarSelector/]: Attempted to select a dependency jar for JarJar which was passed in as source: ponder. Using Mod File: C:\Users\Administrator\.gradle\caches\modules-2\files-2.1\net.createmod.ponder\ponder-neoforge\1.0.85+mc1.21.1\cf14b2cf394c6a473f7e1a1d6de28cf325d7691\ponder-neoforge-1.0.85+mc1.21.1.jar
[10:12:47] [main/INFO] [ne.ne.fm.lo.mo.lo.JarInJarDependencyLocator/]: Found 2 dependencies adding them to mods collection
[10:12:47] [main/INFO] [ne.ne.fm.lo.mo.ModDiscoverer/]: 
     Mod List:
		Name Version (Mod Id)

		Create 6.0.11 (create)
		Create: Colored Connections 0.1.0 (create_colored_connections)
		Flywheel 1.0.6 (flywheel)
		Minecraft 1.21.1 (minecraft)
		NeoForge 21.1.219 (neoforge)
		Ponder 1.0.85+mc1.21.1 (ponder)
[10:12:48] [main/INFO] [mixin/]: Compatibility level set to JAVA_21
[10:12:48] [main/INFO] [cp.mo.mo.LaunchServiceHandler/MODLAUNCHER]: Launching target 'forgeclientdev' with arguments [--version, 21.1.219, --gameDir, ., --assetsDir, C:\Users\Administrator\.gradle\caches\neoformruntime\assets, --assetIndex, 17]
[10:12:48] [main/WARN] [mixin/]: Reference map 'ponder.refmap.json' for ponder-common.mixins.json could not be read. If this is a development environment you can ignore this message
[10:12:48] [main/WARN] [mixin/]: Error loading class: org/jetbrains/annotations/ApiStatus$ScheduledForRemoval (java.lang.ClassNotFoundException: org.jetbrains.annotations.ApiStatus$ScheduledForRemoval)
[10:12:48] [main/INFO] [MixinExtras|Service/]: Initializing MixinExtras via com.llamalad7.mixinextras.service.MixinExtrasServiceImpl(version=0.5.0).
[10:12:50] [Datafixer Bootstrap/INFO] [mojang/DataFixerBuilder]: 229 Datafixer optimizations took 334 milliseconds
[10:12:55] [main/WARN] [minecraft/Commands]: Ambiguity between arguments [teleport, location] and [teleport, destination] with inputs: [0.1 -0.5 .9, 0 0 0]
[10:12:55] [main/WARN] [minecraft/Commands]: Ambiguity between arguments [teleport, location] and [teleport, targets] with inputs: [0.1 -0.5 .9, 0 0 0]
[10:12:55] [main/WARN] [minecraft/Commands]: Ambiguity between arguments [teleport, destination] and [teleport, targets] with inputs: [Player, 0123, @e, dd12be42-52a9-4a91-a8a1-11c01849e498]
[10:12:55] [main/WARN] [minecraft/Commands]: Ambiguity between arguments [teleport, targets] and [teleport, destination] with inputs: [Player, 0123, dd12be42-52a9-4a91-a8a1-11c01849e498]
[10:12:55] [main/WARN] [minecraft/Commands]: Ambiguity between arguments [teleport, targets, location] and [teleport, targets, destination] with inputs: [0.1 -0.5 .9, 0 0 0]
[10:12:55] [Render thread/WARN] [minecraft/VanillaPackResourcesBuilder]: Assets URL 'union:/D:/GAMES/MCMod/create/colored-connections/build/moddev/artifacts/neoforge-21.1.219.jar%23189!/assets/.mcassetsroot' uses unexpected schema
[10:12:55] [Render thread/WARN] [minecraft/VanillaPackResourcesBuilder]: Assets URL 'union:/D:/GAMES/MCMod/create/colored-connections/build/moddev/artifacts/neoforge-21.1.219.jar%23189!/data/.mcassetsroot' uses unexpected schema
[10:12:55] [Render thread/INFO] [mojang/YggdrasilAuthenticationService]: Environment: Environment[sessionHost=https://sessionserver.mojang.com, servicesHost=https://api.minecraftservices.com, name=PROD]
[10:12:55] [Render thread/INFO] [minecraft/Minecraft]: Setting user: Dev
[10:12:55] [Render thread/INFO] [minecraft/Minecraft]: Backend library: LWJGL version 3.3.3+5
[10:12:55] [modloading-worker-0/INFO] [ne.ne.ne.co.NeoForgeMod/NEOFORGE-MOD]: NeoForge mod loading, version 21.1.219, for MC 1.21.1
[10:12:55] [modloading-worker-0/INFO] [co.si.cr.Create/]: Create 6.0.11 initializing! Commit hash: 0924e93639ad5f61cfc39a221d909e16f2893df1
[10:12:58] [Render thread/INFO] [ne.ne.ne.ga.GameTestHooks/]: Enabled Gametest Namespaces: []
[10:12:58] [Render thread/INFO] [minecraft/ReloadableResourceManager]: Reloading ResourceManager: vanilla, mod_resources, mod/flywheel, mod/ponder, mod/create, mod/create_colored_connections, mod/neoforge
[10:12:58] [Worker-Main-7/INFO] [minecraft/UnihexProvider]: Found unifont_all_no_pua-15.1.05.hex, loading
[10:12:59] [Worker-Main-2/INFO] [minecraft/UnihexProvider]: Found unifont_jp_patch-15.1.05.hex, loading
[10:13:00] [Worker-Main-15/INFO] [PonderIndex/]: Registering Ponder Scenes took 108.7 ms
[10:13:00] [Worker-Main-15/INFO] [PonderIndex/]: Registering Ponder Tags took 3.958 ms
[10:13:00] [Render thread/WARN] [minecraft/SoundEngine]: Missing sound for event: minecraft:item.goat_horn.play
[10:13:00] [Render thread/WARN] [minecraft/SoundEngine]: Missing sound for event: minecraft:entity.goat.screaming.horn_break
[10:13:00] [Render thread/INFO] [mojang/Library]: OpenAL initialized on device OpenAL Soft on SAMSUNG (NVIDIA High Definition Audio)
[10:13:00] [Render thread/INFO] [minecraft/SoundEngine]: Sound engine started
[10:13:00] [Render thread/INFO] [minecraft/TextureAtlas]: Created: 2048x1024x4 minecraft:textures/atlas/blocks.png-atlas
[10:13:01] [Render thread/INFO] [minecraft/TextureAtlas]: Created: 256x256x4 minecraft:textures/atlas/signs.png-atlas
[10:13:01] [Render thread/INFO] [minecraft/TextureAtlas]: Created: 512x512x4 minecraft:textures/atlas/shield_patterns.png-atlas
[10:13:01] [Render thread/INFO] [minecraft/TextureAtlas]: Created: 512x512x4 minecraft:textures/atlas/banner_patterns.png-atlas
[10:13:01] [Render thread/INFO] [minecraft/TextureAtlas]: Created: 2048x1024x4 minecraft:textures/atlas/armor_trims.png-atlas
[10:13:01] [Render thread/INFO] [minecraft/TextureAtlas]: Created: 256x256x4 minecraft:textures/atlas/chest.png-atlas
[10:13:01] [Render thread/INFO] [minecraft/TextureAtlas]: Created: 128x64x4 minecraft:textures/atlas/decorated_pot.png-atlas
[10:13:01] [Render thread/INFO] [minecraft/TextureAtlas]: Created: 512x256x4 minecraft:textures/atlas/shulker_boxes.png-atlas
[10:13:01] [Render thread/INFO] [minecraft/TextureAtlas]: Created: 512x256x4 minecraft:textures/atlas/beds.png-atlas
[10:13:01] [Render thread/INFO] [minecraft/TextureAtlas]: Created: 512x256x0 minecraft:textures/atlas/particles.png-atlas
[10:13:01] [Render thread/INFO] [minecraft/TextureAtlas]: Created: 512x256x0 minecraft:textures/atlas/paintings.png-atlas
[10:13:01] [Render thread/INFO] [minecraft/TextureAtlas]: Created: 256x128x0 minecraft:textures/atlas/mob_effects.png-atlas
[10:13:01] [Render thread/INFO] [minecraft/TextureAtlas]: Created: 64x64x0 minecraft:textures/atlas/map_decorations.png-atlas
[10:13:01] [Render thread/INFO] [minecraft/TextureAtlas]: Created: 1024x512x0 minecraft:textures/atlas/gui.png-atlas
[10:13:01] [Render thread/WARN] [minecraft/ShaderInstance]: Shader rendertype_entity_translucent_emissive could not find sampler named Sampler2 in the specified shader program.
[10:13:01] [Render thread/INFO] [flywheel/backend/shaders/]: Loaded 77 shader sources in 14.112 ms
[10:13:01] [Render thread/INFO] [co.si.cr.Create/]: Loaded 58 train hat configurations.
[10:13:01] [Render thread/INFO] [ne.ne.ne.cl.en.an.js.AnimationLoader/]: Loaded 0 entity animations
[10:13:06] [Render thread/INFO] [co.si.cr.Create/]: Created 157 recipes which will be injected into the game
[10:13:06] [Render thread/INFO] [co.si.cr.Create/]: Created 0 tags which will be injected into the game
[10:13:07] [Render thread/INFO] [minecraft/RecipeManager]: Loaded 2816 recipes
[10:13:07] [Render thread/INFO] [minecraft/AdvancementTree]: Loaded 2506 advancements
[10:13:08] [Server thread/INFO] [minecraft/IntegratedServer]: Starting integrated minecraft server version 1.21.1
[10:13:08] [Server thread/INFO] [minecraft/MinecraftServer]: Generating keypair
[10:13:08] [Server thread/INFO] [minecraft/MinecraftServer]: Preparing start region for dimension minecraft:overworld
[10:13:08] [progressListener/INFO] [minecraft/LoggerChunkProgressListener]: 准备生成区域中：0%
[10:13:08] [Server thread/INFO] [ne.ne.ne.se.pe.PermissionAPI/]: Successfully initialized permission handler neoforge:default_handler
[10:13:08] [progressListener/INFO] [minecraft/LoggerChunkProgressListener]: Time elapsed: 254 ms
[10:13:08] [Server thread/INFO] [minecraft/IntegratedServer]: Changing view distance to 12, from 10
[10:13:08] [Server thread/INFO] [minecraft/IntegratedServer]: Changing simulation distance to 12, from 0
[10:13:09] [Render thread/INFO] [co.si.cr.Create/]: Created 157 recipes which will be injected into the game
[10:13:09] [Render thread/INFO] [co.si.cr.Create/]: Created 0 tags which will be injected into the game
[10:13:09] [Server thread/INFO] [minecraft/PlayerList]: Dev[local:E:565cf258] logged in with entity id 5 at (-0.8663109096432916, -60.0, -1.6435432971361654)
[10:13:09] [Server thread/INFO] [minecraft/MinecraftServer]: Dev加入了游戏
[10:13:09] [Render thread/INFO] [flywheel/]: Started 10 worker threads
[10:13:09] [Render thread/INFO] [minecraft/AdvancementTree]: Loaded 38 advancements
[10:13:11] [Server thread/INFO] [minecraft/IntegratedServer]: Saving and pausing game...
[10:13:11] [Server thread/INFO] [minecraft/MinecraftServer]: Saving chunks for level 'ServerLevel[新的世界]'/minecraft:overworld
[10:13:11] [Server thread/INFO] [minecraft/MinecraftServer]: Saving chunks for level 'ServerLevel[新的世界]'/minecraft:the_nether
[10:13:11] [Server thread/INFO] [minecraft/MinecraftServer]: Saving chunks for level 'ServerLevel[新的世界]'/minecraft:the_end
[10:13:13] [Render thread/INFO] [co.co.cr.cl.DyeInteractionHandler/]: createcc 染色点击 (2.0, -58.27399666046027, -1.2508925970877094) -> 未命中连接线
[10:13:14] [Render thread/INFO] [co.co.cr.cl.DyeInteractionHandler/]: createcc 染色点击 (2.0, -58.22227148956379, -1.5382459902892522) -> 未命中连接线
[10:13:14] [Render thread/INFO] [co.co.cr.cl.DyeInteractionHandler/]: createcc 染色点击 (2.0, -58.06340741968555, -1.786008970883112) -> 未命中连接线
[10:13:14] [Render thread/INFO] [co.co.cr.cl.DyeInteractionHandler/]: createcc 染色点击 (2.0, -58.06340741968555, -1.786008970883112) -> 未命中连接线
[10:13:15] [Render thread/INFO] [co.co.cr.cl.DyeInteractionHandler/]: createcc 染色点击 (2.0, -58.06340741968555, -1.786008970883112) -> 未命中连接线
[10:13:16] [Render thread/INFO] [co.co.cr.cl.DyeInteractionHandler/]: createcc 染色点击 (2.0000000000000004, -58.25240438363037, -1.628428930671832) -> 未命中连接线
[10:13:17] [Render thread/INFO] [co.co.cr.cl.DyeInteractionHandler/]: createcc 染色点击 (2.0, -58.34102838334921, -1.5238287058322217) -> 未命中连接线
[10:13:17] [Render thread/INFO] [co.co.cr.cl.DyeInteractionHandler/]: createcc 染色点击 (2.0, -58.212827947820195, -1.327842904409571) -> 未命中连接线
[10:13:17] [Render thread/INFO] [co.co.cr.cl.DyeInteractionHandler/]: createcc 染色点击 (2.0, -58.21267445755373, -1.3182654450144835) -> 未命中连接线
[10:13:19] [Render thread/INFO] [co.co.cr.cl.DyeInteractionHandler/]: createcc 染色点击 (2.0, -58.273502844138, -1.381758343053979) -> 未命中连接线
[10:13:19] [Render thread/INFO] [co.co.cr.cl.DyeInteractionHandler/]: createcc 染色点击 (2.0, -58.273502844138, -1.381758343053979) -> 未命中连接线
[10:13:20] [Render thread/INFO] [co.co.cr.cl.DyeInteractionHandler/]: createcc 染色点击 (2.0, -58.0197065709398, -1.7327102433801582) -> 未命中连接线
[10:13:20] [Render thread/INFO] [co.co.cr.cl.DyeInteractionHandler/]: createcc 染色点击 (2.0, -58.0197065709398, -1.7327102433801582) -> 未命中连接线
[10:13:20] [Render thread/INFO] [co.co.cr.cl.DyeInteractionHandler/]: createcc 染色点击 (2.0, -58.0197065709398, -1.7327102433801582) -> 未命中连接线
[10:13:20] [Render thread/INFO] [co.co.cr.cl.DyeInteractionHandler/]: createcc 染色点击 (2.0, -58.056499918732385, -1.8490418379841502) -> 未命中连接线
[10:13:21] [Render thread/INFO] [co.co.cr.cl.DyeInteractionHandler/]: createcc 染色点击 (2.0, -58.286981433113525, -1.544975942549959) -> 未命中连接线
[10:13:21] [Render thread/INFO] [co.co.cr.cl.DyeInteractionHandler/]: createcc 染色点击 (2.0, -58.23953000378826, -0.7789026868673751) -> 未命中连接线
[10:13:21] [Render thread/INFO] [co.co.cr.cl.DyeInteractionHandler/]: createcc 染色点击 (2.0, -58.25890959408625, -0.6978409818897942) -> 未命中连接线
[10:13:22] [Render thread/INFO] [co.co.cr.cl.DyeInteractionHandler/]: createcc 染色点击 (2.0, -58.25890959408625, -0.6978409818897942) -> 未命中连接线
[10:13:22] [Render thread/INFO] [co.co.cr.cl.DyeInteractionHandler/]: createcc 染色点击 (2.0, -58.25890959408625, -0.6978409818897942) -> 未命中连接线
[10:13:22] [Render thread/INFO] [co.co.cr.cl.DyeInteractionHandler/]: createcc 染色点击 (2.0, -58.263913490416115, -0.6978409990641927) -> 未命中连接线
[10:13:22] [Render thread/INFO] [co.co.cr.cl.DyeInteractionHandler/]: createcc 染色点击 (2.0, -58.263913490416115, -0.6978409990641927) -> 未命中连接线
[10:13:22] [Render thread/INFO] [co.co.cr.cl.DyeInteractionHandler/]: createcc 染色点击 (2.0, -58.263913490416115, -0.6978409990641927) -> 未命中连接线
[10:13:23] [Render thread/INFO] [co.co.cr.cl.DyeInteractionHandler/]: createcc 染色点击 (2.0, -59.24075034307222, -1.1635232009268899) -> 未命中连接线
[10:13:23] [Render thread/INFO] [co.co.cr.cl.DyeInteractionHandler/]: createcc 染色点击 (2.0, -59.24075034307222, -1.1635232009268899) -> 未命中连接线
[10:13:24] [Render thread/INFO] [co.co.cr.cl.DyeInteractionHandler/]: createcc 染色点击 (2.0, -59.37923355854475, -1.6320087009431836) -> 未命中连接线
[10:13:24] [Render thread/INFO] [co.co.cr.cl.DyeInteractionHandler/]: createcc 染色点击 (2.0, -59.238973299318246, -2.0215582742554528) -> 未命中连接线
[10:13:24] [Render thread/INFO] [co.co.cr.cl.DyeInteractionHandler/]: createcc 染色点击 (2.0, -59.25684027472709, -2.146374489143321) -> 未命中连接线
[10:13:24] [Render thread/INFO] [co.co.cr.cl.DyeInteractionHandler/]: createcc 染色点击 (2.0, -59.24997022715544, -2.146374497711018) -> 未命中连接线
[10:13:25] [Render thread/INFO] [co.co.cr.cl.DyeInteractionHandler/]: createcc 染色点击 (2.0, -59.309377414081524, -0.5209910713963746) -> 未命中连接线
[10:13:25] [Render thread/INFO] [co.co.cr.cl.DyeInteractionHandler/]: createcc 染色点击 (2.0, -59.309377414081524, -0.5209910713963746) -> 未命中连接线
[10:13:25] [Render thread/INFO] [co.co.cr.cl.DyeInteractionHandler/]: createcc 染色点击 (2.0, -59.309377414081524, -0.5209910713963746) -> 未命中连接线
[10:13:25] [Render thread/INFO] [co.co.cr.cl.DyeInteractionHandler/]: createcc 染色点击 (2.0, -59.309377414081524, -0.5209910713963746) -> 未命中连接线
[10:13:27] [Render thread/INFO] [co.co.cr.cl.DyeInteractionHandler/]: createcc 染色点击 (2.0, -59.30345395547354, -1.7270831299958207) -> 未命中连接线
[10:13:27] [Render thread/INFO] [co.co.cr.cl.DyeInteractionHandler/]: createcc 染色点击 (2.0, -59.311877787777476, -1.7383486192471094) -> 未命中连接线
[10:13:27] [Render thread/INFO] [co.co.cr.cl.DyeInteractionHandler/]: createcc 染色点击 (2.0, -59.311877787777476, -1.7383486192471094) -> 未命中连接线
[10:13:28] [Render thread/INFO] [co.co.cr.cl.DyeInteractionHandler/]: createcc 染色点击 (2.0, -59.311877787777476, -1.7383486192471094) -> 未命中连接线
[10:13:28] [Render thread/INFO] [co.co.cr.cl.DyeInteractionHandler/]: createcc 染色点击 (2.0, -59.311877787777476, -1.7383486192471094) -> 未命中连接线
[10:13:29] [Render thread/INFO] [co.co.cr.cl.DyeInteractionHandler/]: createcc 染色点击 (2.0, -58.20862276240769, -1.5611407298968292) -> 未命中连接线
[10:13:29] [Render thread/INFO] [co.co.cr.cl.DyeInteractionHandler/]: createcc 染色点击 (2.0, -58.20862276240769, -1.5611407298968292) -> 未命中连接线
[10:13:29] [Render thread/INFO] [co.co.cr.cl.DyeInteractionHandler/]: createcc 染色点击 (2.0, -58.20862276240769, -1.5611407298968292) -> 未命中连接线
[10:13:29] [Render thread/INFO] [co.co.cr.cl.DyeInteractionHandler/]: createcc 染色点击 (2.0, -58.20862276240769, -1.5611407298968292) -> 未命中连接线
[10:13:35] [Render thread/INFO] [co.co.cr.cl.DyeInteractionHandler/]: createcc 染色点击 (2.0, -58.16666398508629, -2.739008934084221) -> 未命中连接线
[10:13:35] [Render thread/INFO] [co.co.cr.cl.DyeInteractionHandler/]: createcc 染色点击 (2.0, -58.16666398508629, -2.739008934084221) -> 未命中连接线
[10:13:35] [Render thread/INFO] [co.co.cr.cl.DyeInteractionHandler/]: createcc 染色点击 (2.0, -58.15315437147155, -2.7390089494063186) -> 未命中连接线
[10:13:36] [Render thread/INFO] [co.co.cr.cl.DyeInteractionHandler/]: createcc 染色点击 (2.0, -57.82558218002767, -2.739008910763332) -> 未命中连接线
[10:13:36] [Render thread/INFO] [co.co.cr.cl.DyeInteractionHandler/]: createcc 染色点击 (2.0, -57.83131099148145, -2.7600829661599713) -> 未命中连接线
[10:13:37] [Render thread/INFO] [co.co.cr.cl.DyeInteractionHandler/]: createcc 染色点击 (2.0, -57.83131099148145, -2.7600829661599713) -> 未命中连接线
[10:13:37] [Render thread/INFO] [co.co.cr.cl.DyeInteractionHandler/]: createcc 染色点击 (2.0, -57.64829080124843, -2.323289872967347) -> 未命中连接线
[10:13:38] [Render thread/INFO] [co.co.cr.cl.DyeInteractionHandler/]: createcc 染色点击 (2.0, -57.697626479083354, -2.310485955488587) -> 未命中连接线
[10:13:38] [Render thread/INFO] [co.co.cr.cl.DyeInteractionHandler/]: createcc 染色点击 (2.0, -57.797716685564986, -2.368745729569128) -> 未命中连接线
[10:13:38] [Render thread/INFO] [co.co.cr.cl.DyeInteractionHandler/]: createcc 染色点击 (1.9999999999999998, -57.76416865818642, -2.500629221433788) -> BlockPos{x=1, y=-60, z=-3} -> BlockPos{x=1, y=-58, z=-2}
[10:13:40] [Render thread/INFO] [co.co.cr.cl.DyeInteractionHandler/]: createcc 染色点击 (2.0, -57.80728001867423, -2.5267367586902063) -> 未命中连接线
[10:13:41] [Render thread/INFO] [co.co.cr.cl.DyeInteractionHandler/]: createcc 染色点击 (1.9999999999999998, -57.78087301479983, -2.169281229556524) -> BlockPos{x=1, y=-60, z=-3} -> BlockPos{x=1, y=-58, z=-2}
[10:13:41] [Render thread/INFO] [co.co.cr.cl.DyeInteractionHandler/]: createcc 染色点击 (2.0, -57.78095473350442, -2.177071074331804) -> 未命中连接线
[10:13:42] [Render thread/INFO] [co.co.cr.cl.DyeInteractionHandler/]: createcc 染色点击 (2.0, -57.829912138591645, -2.287169821687122) -> 未命中连接线
[10:13:43] [Render thread/INFO] [co.co.cr.cl.DyeInteractionHandler/]: createcc 染色点击 (2.0000000000000004, -57.7854585962012, -2.287169822533465) -> 未命中连接线
[10:13:44] [Render thread/INFO] [co.co.cr.cl.DyeInteractionHandler/]: createcc 染色点击 (2.0, -58.22070841793333, -2.743095047601036) -> 未命中连接线
[10:13:44] [Render thread/INFO] [co.co.cr.cl.DyeInteractionHandler/]: createcc 染色点击 (2.0, -57.767776739121274, -2.4054468448025297) -> 未命中连接线
[10:13:45] [Render thread/INFO] [co.co.cr.cl.DyeInteractionHandler/]: createcc 染色点击 (2.0, -57.79760114760669, -2.2989703614261154) -> 未命中连接线
[10:13:45] [Render thread/INFO] [co.co.cr.cl.DyeInteractionHandler/]: createcc 染色点击 (2.0, -57.81385923268672, -2.2674622070375876) -> 未命中连接线
[10:13:46] [Render thread/INFO] [co.co.cr.cl.DyeInteractionHandler/]: createcc 染色点击 (2.0, -57.81297385111739, -2.1298192458266456) -> 未命中连接线
[10:13:46] [Render thread/INFO] [co.co.cr.cl.DyeInteractionHandler/]: createcc 染色点击 (2.0, -57.812736321847034, -2.1140178781266696) -> 未命中连接线
[10:13:47] [Render thread/INFO] [co.co.cr.cl.DyeInteractionHandler/]: createcc 染色点击 (2.0, -57.80511545713816, -2.153542672996058) -> 未命中连接线
[10:13:47] [Render thread/INFO] [co.co.cr.cl.DyeInteractionHandler/]: createcc 染色点击 (2.0, -57.76465193808328, -2.177071069555937) -> 未命中连接线
[10:13:48] [Render thread/INFO] [co.co.cr.cl.DyeInteractionHandler/]: createcc 染色点击 (2.0, -58.30435575324392, -1.5352258793619582) -> 未命中连接线
[10:13:48] [Render thread/INFO] [co.co.cr.cl.DyeInteractionHandler/]: createcc 染色点击 (2.0, -58.295873229161856, -1.5395375920633554) -> 未命中连接线
[10:13:49] [Render thread/INFO] [co.co.cr.cl.DyeInteractionHandler/]: createcc 染色点击 (2.0, -58.24532738435085, -1.560473563547207) -> 未命中连接线
[10:13:49] [Render thread/INFO] [co.co.cr.cl.DyeInteractionHandler/]: createcc 染色点击 (2.0, -58.11706840859003, -1.6151134858153542) -> 未命中连接线
[10:13:49] [Render thread/INFO] [co.co.cr.cl.DyeInteractionHandler/]: createcc 染色点击 (2.0, -58.184288462307464, -1.7758503829670813) -> 未命中连接线
[10:13:50] [Render thread/INFO] [co.co.cr.cl.DyeInteractionHandler/]: createcc 染色点击 (2.0000000000000004, -57.73487287710195, -2.4445512709044515) -> 未命中连接线
[10:13:50] [Render thread/INFO] [co.co.cr.cl.DyeInteractionHandler/]: createcc 染色点击 (2.0000000000000004, -57.73487287710195, -2.4445512709044515) -> 未命中连接线
[10:13:50] [Render thread/INFO] [co.co.cr.cl.DyeInteractionHandler/]: createcc 染色点击 (2.0000000000000004, -57.73487287710195, -2.4445512709044515) -> 未命中连接线
[10:13:51] [Render thread/INFO] [co.co.cr.cl.DyeInteractionHandler/]: createcc 染色点击 (2.0000000000000004, -57.73487287710195, -2.4445512709044515) -> 未命中连接线
[10:13:51] [Render thread/INFO] [co.co.cr.cl.DyeInteractionHandler/]: createcc 染色点击 (2.0, -57.81028017336291, -2.1439319058276887) -> 未命中连接线
[10:13:52] [Render thread/INFO] [co.co.cr.cl.DyeInteractionHandler/]: createcc 染色点击 (2.0, -57.80647197084853, -2.2349237897469147) -> 未命中连接线
[10:13:52] [Render thread/INFO] [co.co.cr.cl.DyeInteractionHandler/]: createcc 染色点击 (2.0, -57.79166391670253, -2.147800696538375) -> 未命中连接线
[10:13:53] [Render thread/INFO] [co.co.cr.cl.DyeInteractionHandler/]: createcc 染色点击 (2.0, -57.78881750164857, -2.1505971825496975) -> 未命中连接线
[10:13:53] [Render thread/INFO] [co.co.cr.cl.DyeInteractionHandler/]: createcc 染色点击 (2.0, -57.64961276288531, -2.164170202686075) -> 未命中连接线
[10:13:53] [Render thread/INFO] [co.co.cr.cl.DyeInteractionHandler/]: createcc 染色点击 (2.0, -57.6715698099461, -2.164170202595465) -> 未命中连接线
[10:13:54] [Render thread/INFO] [co.co.cr.cl.DyeInteractionHandler/]: createcc 染色点击 (2.0, -57.68097128019751, -2.169655339077278) -> 未命中连接线
[10:13:54] [Render thread/INFO] [co.co.cr.cl.DyeInteractionHandler/]: createcc 染色点击 (2.0, -57.70565026113492, -2.186001420344296) -> 未命中连接线
[10:13:54] [Render thread/INFO] [co.co.cr.cl.DyeInteractionHandler/]: createcc 染色点击 (2.0, -58.09872149691075, -2.7877768790118864) -> 未命中连接线
[10:13:55] [Render thread/INFO] [co.co.cr.cl.DyeInteractionHandler/]: createcc 染色点击 (2.0, -58.2400804377189, -2.691196670653818) -> 未命中连接线
[10:13:56] [Render thread/INFO] [co.co.cr.cl.DyeInteractionHandler/]: createcc 染色点击 (2.0, -58.17746620384817, -2.651859398603584) -> 未命中连接线
[10:13:56] [Render thread/INFO] [co.co.cr.cl.DyeInteractionHandler/]: createcc 染色点击 (2.0, -57.81789546401043, -2.2457963200662023) -> 未命中连接线
[10:13:57] [Render thread/INFO] [co.co.cr.cl.DyeInteractionHandler/]: createcc 染色点击 (2.0, -57.81521144426179, -2.1805208042126507) -> 未命中连接线
[10:13:57] [Render thread/INFO] [co.co.cr.cl.DyeInteractionHandler/]: createcc 染色点击 (2.0, -57.80608339069286, -2.1369065125053925) -> 未命中连接线
[10:13:57] [Render thread/INFO] [co.co.cr.cl.DyeInteractionHandler/]: createcc 染色点击 (2.0, -57.80608339069286, -2.1369065125053925) -> 未命中连接线
[10:13:57] [Render thread/INFO] [co.co.cr.cl.DyeInteractionHandler/]: createcc 染色点击 (2.0, -57.80608339069286, -2.1369065125053925) -> 未命中连接线
[10:13:58] [Render thread/INFO] [co.co.cr.cl.DyeInteractionHandler/]: createcc 染色点击 (2.0, -57.811805907993396, -2.1369065096282265) -> 未命中连接线
[10:13:58] [Render thread/INFO] [co.co.cr.cl.DyeInteractionHandler/]: createcc 染色点击 (2.0, -57.829016797444375, -2.1315042314790182) -> 未命中连接线
[10:13:58] [Render thread/INFO] [co.co.cr.cl.DyeInteractionHandler/]: createcc 染色点击 (2.0, -57.86593334403133, -2.1232933638755664) -> 未命中连接线
[10:13:59] [Render thread/INFO] [co.co.cr.cl.DyeInteractionHandler/]: createcc 染色点击 (2.0, -57.88005836319521, -2.1204874562335894) -> 未命中连接线
[10:13:59] [Render thread/INFO] [co.co.cr.cl.DyeInteractionHandler/]: createcc 染色点击 (2.0, -57.894701685825375, -2.01815249248367) -> 未命中连接线
[10:13:59] [Render thread/INFO] [co.co.cr.cl.DyeInteractionHandler/]: createcc 染色点击 (2.0, -57.98850780435451, -2.166962885305087) -> 未命中连接线
[10:14:00] [Render thread/INFO] [co.co.cr.cl.DyeInteractionHandler/]: createcc 染色点击 (2.0, -57.95557031850589, -2.177829896580063) -> 未命中连接线
[10:14:00] [Render thread/INFO] [co.co.cr.cl.DyeInteractionHandler/]: createcc 染色点击 (2.0, -57.76960109911117, -2.08207083881492) -> 未命中连接线
[10:14:00] [Render thread/INFO] [co.co.cr.cl.DyeInteractionHandler/]: createcc 染色点击 (2.0, -57.76960109911117, -2.08207083881492) -> 未命中连接线
[10:14:02] [Render thread/INFO] [co.co.cr.cl.DyeInteractionHandler/]: createcc 染色点击 (1.9999999999999998, -57.73982098655135, -2.141549030962829) -> BlockPos{x=1, y=-60, z=-3} -> BlockPos{x=1, y=-58, z=-2}
[10:14:02] [Render thread/INFO] [co.co.cr.cl.DyeInteractionHandler/]: createcc 染色点击 (2.0, -57.840441314582634, -2.2079090969177266) -> 未命中连接线
[10:14:03] [Render thread/INFO] [co.co.cr.cl.DyeInteractionHandler/]: createcc 染色点击 (2.0, -57.72893236307307, -2.2201074289213247) -> 未命中连接线
[10:14:05] [Render thread/INFO] [co.co.cr.cl.DyeInteractionHandler/]: createcc 染色点击 (2.0, -57.733208355312854, -2.4007931862122005) -> 未命中连接线
[10:14:05] [Render thread/INFO] [co.co.cr.cl.DyeInteractionHandler/]: createcc 染色点击 (2.0, -57.733208355312854, -2.4007931862122005) -> 未命中连接线
[10:14:06] [Render thread/INFO] [co.co.cr.cl.DyeInteractionHandler/]: createcc 染色点击 (1.9999999999999998, -57.70316790933067, -2.707845751895429) -> BlockPos{x=1, y=-60, z=-3} -> BlockPos{x=1, y=-58, z=-2}
[10:14:07] [Render thread/INFO] [co.co.cr.cl.DyeInteractionHandler/]: createcc 染色点击 (1.9999999999999998, -57.70316790933067, -2.707845751895429) -> BlockPos{x=1, y=-60, z=-3} -> BlockPos{x=1, y=-58, z=-2}
[10:14:09] [Render thread/INFO] [co.co.cr.cl.DyeInteractionHandler/]: createcc 染色点击 (1.9999999999999998, -57.73923407714738, -2.3031667604305097) -> BlockPos{x=1, y=-60, z=-3} -> BlockPos{x=1, y=-58, z=-2}
[10:14:16] [Render thread/INFO] [minecraft/AdvancementTree]: Loaded 43 advancements
[10:14:17] [Render thread/INFO] [minecraft/AdvancementTree]: Loaded 48 advancements
[10:14:18] [Render thread/INFO] [co.co.cr.cl.DyeInteractionHandler/]: createcc 染色点击 (1.9999999999999998, -57.82487578692981, -2.314486058249927) -> BlockPos{x=1, y=-60, z=-3} -> BlockPos{x=1, y=-58, z=-2}
[10:14:21] [Render thread/INFO] [co.co.cr.cl.DyeInteractionHandler/]: createcc 染色点击 (2.0, -58.02817569215523, -2.7462691153730003) -> 未命中连接线
[10:14:21] [Render thread/INFO] [co.co.cr.cl.DyeInteractionHandler/]: createcc 染色点击 (2.0, -57.93693161141891, -2.7462691104728605) -> 未命中连接线
[10:14:22] [Render thread/INFO] [co.co.cr.cl.DyeInteractionHandler/]: createcc 染色点击 (2.0, -57.778749167820905, -2.370950267700333) -> 未命中连接线
[10:14:23] [Render thread/INFO] [co.co.cr.cl.DyeInteractionHandler/]: createcc 染色点击 (2.0, -57.877608714388984, -2.4571649651298944) -> 未命中连接线
[10:14:23] [Render thread/INFO] [co.co.cr.cl.DyeInteractionHandler/]: createcc 染色点击 (2.0, -57.76720991753792, -2.376631472616175) -> 未命中连接线
[10:14:24] [Render thread/INFO] [co.co.cr.cl.DyeInteractionHandler/]: createcc 染色点击 (2.0, -57.740476991838506, -2.1277631322844903) -> 未命中连接线
[10:14:24] [Render thread/INFO] [co.co.cr.cl.DyeInteractionHandler/]: createcc 染色点击 (2.0, -57.696378411986885, -2.0334156059832242) -> 未命中连接线
[10:14:24] [Render thread/INFO] [co.co.cr.cl.DyeInteractionHandler/]: createcc 染色点击 (2.0, -57.7436513515193, -2.3882017390701726) -> 未命中连接线
[10:14:25] [Render thread/INFO] [co.co.cr.cl.DyeInteractionHandler/]: createcc 染色点击 (2.0, -57.77180320193338, -2.64718991475423) -> 未命中连接线
[10:14:25] [Render thread/INFO] [co.co.cr.cl.DyeInteractionHandler/]: createcc 染色点击 (2.0, -58.30087346619095, -2.7929519325786285) -> 未命中连接线
[10:14:25] [Render thread/INFO] [co.co.cr.cl.DyeInteractionHandler/]: createcc 染色点击 (2.0, -58.49398500415124, -2.670332695492405) -> 未命中连接线
[10:14:26] [Render thread/INFO] [co.co.cr.cl.DyeInteractionHandler/]: createcc 染色点击 (2.0000000000000004, -57.780221511236476, -2.1113169981602526) -> 未命中连接线
[10:14:26] [Render thread/INFO] [co.co.cr.cl.DyeInteractionHandler/]: createcc 染色点击 (2.0, -57.73867679768831, -2.1432332125340556) -> 未命中连接线
[10:14:27] [Render thread/INFO] [co.co.cr.cl.DyeInteractionHandler/]: createcc 染色点击 (2.0000000000000004, -57.68339081953521, -2.2705827760133883) -> 未命中连接线
[10:14:27] [Render thread/INFO] [co.co.cr.cl.DyeInteractionHandler/]: createcc 染色点击 (2.0, -57.73061825828622, -2.3440610416373495) -> 未命中连接线
[10:14:27] [Render thread/INFO] [co.co.cr.cl.DyeInteractionHandler/]: createcc 染色点击 (1.9999999999999996, -57.67909781115696, -2.548971220588885) -> BlockPos{x=1, y=-60, z=-3} -> BlockPos{x=1, y=-58, z=-2}
[10:14:29] [Render thread/INFO] [co.co.cr.cl.DyeInteractionHandler/]: createcc 染色点击 (2.0, -57.74960524604852, -2.5119863900627233) -> 未命中连接线
[10:14:33] [Render thread/INFO] [co.co.cr.cl.DyeInteractionHandler/]: createcc 染色点击 (1.9999999999999998, -58.002443132696826, -2.8333016564046725) -> BlockPos{x=1, y=-60, z=-3} -> BlockPos{x=1, y=-58, z=-2}
[10:14:42] [Render thread/INFO] [minecraft/AdvancementTree]: Loaded 58 advancements
[10:14:46] [Render thread/INFO] [minecraft/AdvancementTree]: Loaded 63 advancements
[10:14:49] [Render thread/INFO] [minecraft/AdvancementTree]: Loaded 71 advancements
[10:14:50] [Render thread/INFO] [minecraft/AdvancementTree]: Loaded 76 advancements
[10:14:52] [Render thread/INFO] [minecraft/AdvancementTree]: Loaded 81 advancements
[10:14:53] [Render thread/INFO] [minecraft/AdvancementTree]: Loaded 86 advancements
[10:14:54] [Render thread/INFO] [minecraft/AdvancementTree]: Loaded 87 advancements
[10:15:08] [Render thread/INFO] [minecraft/AdvancementTree]: Loaded 93 advancements
[10:15:12] [Render thread/INFO] [minecraft/AdvancementTree]: Loaded 98 advancements
[10:15:13] [Render thread/INFO] [minecraft/AdvancementTree]: Loaded 104 advancements
[10:15:14] [Render thread/INFO] [minecraft/AdvancementTree]: Loaded 109 advancements
[10:15:15] [Render thread/INFO] [minecraft/AdvancementTree]: Loaded 114 advancements
[10:15:24] [Render thread/INFO] [co.co.cr.cl.DyeInteractionHandler/]: createcc 染色点击 (2.0, -58.01963904441915, -2.723670761328396) -> 未命中连接线
[10:15:25] [Render thread/INFO] [co.co.cr.cl.DyeInteractionHandler/]: createcc 染色点击 (2.0, -57.99302929073292, -2.712125753356041) -> 未命中连接线
[10:15:26] [Render thread/INFO] [co.co.cr.cl.DyeInteractionHandler/]: createcc 染色点击 (1.9999999999999996, -57.79735040839984, -2.415602245415779) -> BlockPos{x=1, y=-60, z=-3} -> BlockPos{x=1, y=-58, z=-2}
[10:15:27] [Render thread/INFO] [co.co.cr.cl.DyeInteractionHandler/]: createcc 染色点击 (2.0, -57.77382681524667, -2.400346272580503) -> 未命中连接线
[10:15:28] [Render thread/INFO] [co.co.cr.cl.DyeInteractionHandler/]: createcc 染色点击 (2.0, -57.77382681524667, -2.400346272580503) -> 未命中连接线
[10:15:29] [Render thread/INFO] [co.co.cr.cl.DyeInteractionHandler/]: createcc 染色点击 (2.0, -57.77389869201409, -2.3928597876159916) -> 未命中连接线
[10:15:29] [Render thread/INFO] [co.co.cr.cl.DyeInteractionHandler/]: createcc 染色点击 (2.0, -57.77389869201409, -2.3928597876159916) -> 未命中连接线
[10:15:30] [Render thread/INFO] [co.co.cr.cl.DyeInteractionHandler/]: createcc 染色点击 (2.0, -57.75076151980167, -2.2793297990818204) -> 未命中连接线
[10:15:30] [Render thread/INFO] [co.co.cr.cl.DyeInteractionHandler/]: createcc 染色点击 (2.0, -57.75862430690894, -2.347419783678862) -> 未命中连接线
[10:15:31] [Render thread/INFO] [co.co.cr.cl.DyeInteractionHandler/]: createcc 染色点击 (1.9999999999999998, -57.819928624277956, -2.75496468317386) -> BlockPos{x=1, y=-60, z=-3} -> BlockPos{x=1, y=-58, z=-2}
[10:15:31] [Render thread/INFO] [co.co.cr.cl.DyeInteractionHandler/]: createcc 染色点击 (1.9999999999999998, -57.819928624277956, -2.75496468317386) -> BlockPos{x=1, y=-60, z=-3} -> BlockPos{x=1, y=-58, z=-2}
[10:15:34] [Render thread/INFO] [co.co.cr.cl.DyeInteractionHandler/]: createcc 染色点击 (2.0, -57.97984082005291, -2.728934552398269) -> 未命中连接线
[10:15:35] [Render thread/INFO] [co.co.cr.cl.DyeInteractionHandler/]: createcc 染色点击 (2.0, -57.97984082005291, -2.728934552398269) -> 未命中连接线
[10:15:35] [Render thread/INFO] [co.co.cr.cl.DyeInteractionHandler/]: createcc 染色点击 (2.0, -58.19583865061158, -2.849025783189969) -> 未命中连接线
[10:15:35] [Render thread/INFO] [co.co.cr.cl.DyeInteractionHandler/]: createcc 染色点击 (2.0, -58.63528886605013, -2.743805077555626) -> 未命中连接线
[10:15:36] [Render thread/INFO] [co.co.cr.cl.DyeInteractionHandler/]: createcc 染色点击 (2.0, -58.63528886605013, -2.743805077555626) -> 未命中连接线
[10:15:36] [Render thread/INFO] [co.co.cr.cl.DyeInteractionHandler/]: createcc 染色点击 (2.0, -58.577453511558424, -2.7487107275814626) -> 未命中连接线
[10:15:37] [Render thread/INFO] [co.co.cr.cl.DyeInteractionHandler/]: createcc 染色点击 (2.0, -58.21365144278767, -2.7092304135736973) -> 未命中连接线
[10:15:39] [Render thread/INFO] [co.co.cr.cl.DyeInteractionHandler/]: createcc 染色点击 (2.0, -57.806173911148775, -2.718595197156703) -> 未命中连接线
[10:15:39] [Render thread/INFO] [co.co.cr.cl.DyeInteractionHandler/]: createcc 染色点击 (2.0, -58.584106239493686, -2.7775981709803195) -> 未命中连接线
[10:15:40] [Render thread/INFO] [co.co.cr.cl.DyeInteractionHandler/]: createcc 染色点击 (2.0, -58.7976415946024, -2.7775981863675794) -> 未命中连接线
[10:15:40] [Render thread/INFO] [co.co.cr.cl.DyeInteractionHandler/]: createcc 染色点击 (2.0, -57.73761807757292, -2.518848366238294) -> 未命中连接线
[10:15:40] [Render thread/INFO] [co.co.cr.cl.DyeInteractionHandler/]: createcc 染色点击 (2.0, -57.767713419414314, -2.171257675514074) -> 未命中连接线
[10:15:41] [Render thread/INFO] [co.co.cr.cl.DyeInteractionHandler/]: createcc 染色点击 (2.0, -57.81734213096297, -2.35824914773964) -> 未命中连接线
[10:15:41] [Render thread/INFO] [co.co.cr.cl.DyeInteractionHandler/]: createcc 染色点击 (2.0, -57.86646413780542, -2.0360636114341615) -> 未命中连接线
[10:15:41] [Render thread/INFO] [co.co.cr.cl.DyeInteractionHandler/]: createcc 染色点击 (2.0, -57.858014097702664, -2.111812113791519) -> 未命中连接线
[10:15:42] [Render thread/INFO] [co.co.cr.cl.DyeInteractionHandler/]: createcc 染色点击 (2.0, -57.70397351816464, -2.2812218268813806) -> 未命中连接线
[10:15:42] [Render thread/INFO] [co.co.cr.cl.DyeInteractionHandler/]: createcc 染色点击 (1.9999999999999998, -57.823127232182344, -2.6252976928977803) -> BlockPos{x=1, y=-60, z=-3} -> BlockPos{x=1, y=-58, z=-2}
[10:15:45] [Render thread/INFO] [co.co.cr.cl.DyeInteractionHandler/]: createcc 染色点击 (2.0, -57.78465999859367, -2.4051873330945597) -> 未命中连接线
[10:15:46] [Render thread/INFO] [co.co.cr.cl.DyeInteractionHandler/]: createcc 染色点击 (2.0, -57.801513632740544, -2.349875397698313) -> 未命中连接线
[10:15:47] [Render thread/INFO] [co.co.cr.cl.DyeInteractionHandler/]: createcc 染色点击 (2.0, -57.77611540412061, -2.395933511559943) -> 未命中连接线
[10:15:48] [Render thread/INFO] [co.co.cr.cl.DyeInteractionHandler/]: createcc 染色点击 (2.0, -57.733324113847296, -2.307250432135436) -> 未命中连接线
[10:15:48] [Render thread/INFO] [co.co.cr.cl.DyeInteractionHandler/]: createcc 染色点击 (2.0, -57.73077621770912, -2.5190525123439977) -> 未命中连接线
[10:15:48] [Render thread/INFO] [co.co.cr.cl.DyeInteractionHandler/]: createcc 染色点击 (2.0, -57.7712321635397, -2.6363467057759116) -> 未命中连接线
[10:15:49] [Render thread/INFO] [co.co.cr.cl.DyeInteractionHandler/]: createcc 染色点击 (2.0, -57.84559354293481, -2.7834540294836403) -> 未命中连接线
[10:15:49] [Render thread/INFO] [co.co.cr.cl.DyeInteractionHandler/]: createcc 染色点击 (2.0, -58.07510371682962, -2.6990734952099498) -> 未命中连接线
[10:15:49] [Render thread/INFO] [co.co.cr.cl.DyeInteractionHandler/]: createcc 染色点击 (2.0, -58.393653877193536, -2.7059854068937064) -> 未命中连接线
[10:15:49] [Render thread/INFO] [co.co.cr.cl.DyeInteractionHandler/]: createcc 染色点击 (2.0, -58.650810485166396, -2.7550513348890044) -> 未命中连接线
[10:15:49] [Render thread/INFO] [co.co.cr.cl.DyeInteractionHandler/]: createcc 染色点击 (2.0, -58.68612114131457, -2.7622706104387595) -> 未命中连接线
[10:15:50] [Render thread/INFO] [co.co.cr.cl.DyeInteractionHandler/]: createcc 染色点击 (2.0, -58.45626116470373, -2.783454006944461) -> 未命中连接线
[10:15:50] [Render thread/INFO] [co.co.cr.cl.DyeInteractionHandler/]: createcc 染色点击 (1.9999999999999998, -57.80334020144542, -2.3951729942921434) -> BlockPos{x=1, y=-60, z=-3} -> BlockPos{x=1, y=-58, z=-2}
[10:15:53] [Render thread/INFO] [co.co.cr.cl.DyeInteractionHandler/]: createcc 染色点击 (1.9999999999999998, -58.712855222223524, -2.719570636382737) -> BlockPos{x=1, y=-60, z=-3} -> BlockPos{x=1, y=-58, z=-2}
[10:15:55] [Render thread/INFO] [co.co.cr.cl.DyeInteractionHandler/]: createcc 染色点击 (1.9999999999999998, -58.77782605431526, -2.758468094114658) -> BlockPos{x=1, y=-60, z=-3} -> BlockPos{x=1, y=-58, z=-2}
[10:15:56] [Render thread/INFO] [co.co.cr.cl.DyeInteractionHandler/]: createcc 染色点击 (1.9999999999999998, -58.37999999523163, -2.722622956270297) -> BlockPos{x=1, y=-60, z=-3} -> BlockPos{x=1, y=-58, z=-2}
[10:15:57] [Render thread/INFO] [co.co.cr.cl.DyeInteractionHandler/]: createcc 染色点击 (1.9999999999999998, -58.37999999523163, -2.722622956270297) -> BlockPos{x=1, y=-60, z=-3} -> BlockPos{x=1, y=-58, z=-2}
[10:15:58] [Render thread/INFO] [co.co.cr.cl.DyeInteractionHandler/]: createcc 染色点击 (1.9999999999999998, -58.37999999523163, -2.722622956270297) -> BlockPos{x=1, y=-60, z=-3} -> BlockPos{x=1, y=-58, z=-2}
[10:15:59] [Render thread/INFO] [co.co.cr.cl.DyeInteractionHandler/]: createcc 染色点击 (1.9999999999999998, -58.37999999523163, -2.722622956270297) -> BlockPos{x=1, y=-60, z=-3} -> BlockPos{x=1, y=-58, z=-2}
[10:16:00] [Render thread/INFO] [co.co.cr.cl.DyeInteractionHandler/]: createcc 染色点击 (1.9999999999999998, -58.37999999523163, -2.722622956270297) -> BlockPos{x=1, y=-60, z=-3} -> BlockPos{x=1, y=-58, z=-2}
[10:16:01] [Render thread/INFO] [co.co.cr.cl.DyeInteractionHandler/]: createcc 染色点击 (1.9999999999999998, -58.37999999523163, -2.722622956270297) -> BlockPos{x=1, y=-60, z=-3} -> BlockPos{x=1, y=-58, z=-2}
[10:16:02] [Render thread/INFO] [co.co.cr.cl.DyeInteractionHandler/]: createcc 染色点击 (1.9999999999999998, -58.37999999523163, -2.722622956270297) -> BlockPos{x=1, y=-60, z=-3} -> BlockPos{x=1, y=-58, z=-2}
[10:16:02] [Render thread/INFO] [co.co.cr.cl.DyeInteractionHandler/]: createcc 染色点击 (1.9999999999999998, -58.37999999523163, -2.722622956270297) -> BlockPos{x=1, y=-60, z=-3} -> BlockPos{x=1, y=-58, z=-2}
[10:16:06] [Render thread/INFO] [co.co.cr.cl.DyeInteractionHandler/]: createcc 染色点击 (2.0, -58.45836614786573, -2.7824690592535273) -> 未命中连接线
[10:16:07] [Render thread/INFO] [co.co.cr.cl.DyeInteractionHandler/]: createcc 染色点击 (2.0, -58.45836614786573, -2.7824690592535273) -> 未命中连接线
[10:16:08] [Render thread/INFO] [co.co.cr.cl.DyeInteractionHandler/]: createcc 染色点击 (2.0, -58.45836614786573, -2.7824690592535273) -> 未命中连接线
[10:16:10] [Render thread/INFO] [co.co.cr.cl.DyeInteractionHandler/]: createcc 染色点击 (2.0, -58.21983910856042, -2.720968126605966) -> 未命中连接线
[10:16:11] [Render thread/INFO] [co.co.cr.cl.DyeInteractionHandler/]: createcc 染色点击 (2.0, -58.264295153133254, -2.7504506606220076) -> 未命中连接线
[10:16:11] [Render thread/INFO] [co.co.cr.cl.DyeInteractionHandler/]: createcc 染色点击 (2.0, -58.264295153133254, -2.7504506606220076) -> 未命中连接线
[10:16:15] [Render thread/INFO] [co.co.cr.cl.DyeInteractionHandler/]: createcc 染色点击 (2.0, -58.35964988067435, -2.681523545170573) -> 未命中连接线
[10:16:16] [Render thread/INFO] [co.co.cr.cl.DyeInteractionHandler/]: createcc 染色点击 (2.0, -58.453009084686265, -2.7205891090278786) -> 未命中连接线
[10:16:16] [Render thread/INFO] [co.co.cr.cl.DyeInteractionHandler/]: createcc 染色点击 (2.0, -58.36865582729806, -2.790548445054939) -> 未命中连接线
[10:16:17] [Render thread/INFO] [co.co.cr.cl.DyeInteractionHandler/]: createcc 染色点击 (2.0, -58.72762585829411, -2.7976131560917006) -> 未命中连接线
[10:16:17] [Render thread/INFO] [co.co.cr.cl.DyeInteractionHandler/]: createcc 染色点击 (2.0, -58.918897414460154, -2.668693734567998) -> 未命中连接线
[10:16:17] [Render thread/INFO] [co.co.cr.cl.DyeInteractionHandler/]: createcc 染色点击 (1.9999999999999998, -58.73287021341997, -2.677881041173047) -> BlockPos{x=1, y=-60, z=-3} -> BlockPos{x=1, y=-58, z=-2}
[10:16:21] [Server thread/INFO] [minecraft/IntegratedServer]: Saving and pausing game...
[10:16:21] [Server thread/INFO] [minecraft/MinecraftServer]: Saving chunks for level 'ServerLevel[新的世界]'/minecraft:overworld
[10:16:21] [Server thread/INFO] [minecraft/MinecraftServer]: Saving chunks for level 'ServerLevel[新的世界]'/minecraft:the_nether
[10:16:21] [Server thread/INFO] [minecraft/MinecraftServer]: Saving chunks for level 'ServerLevel[新的世界]'/minecraft:the_end
[10:17:28] [Render thread/INFO] [co.co.cr.cl.DyeInteractionHandler/]: createcc 染色点击 (2.0, -58.144614213593336, -2.677111271893362) -> 未命中连接线
[10:17:28] [Render thread/INFO] [co.co.cr.cl.DyeInteractionHandler/]: createcc 染色点击 (2.0, -58.629452179026636, -2.7241653081454165) -> 未命中连接线
[10:18:12] [Render thread/INFO] [co.co.cr.cl.DyeInteractionHandler/]: createcc 染色点击 (2.0, -57.825252534840374, 6.251530386197739) -> 未命中连接线
[10:18:13] [Render thread/INFO] [co.co.cr.cl.DyeInteractionHandler/]: createcc 染色点击 (2.0, -58.150160531280264, 6.251530398884665) -> 未命中连接线
[10:18:13] [Render thread/INFO] [co.co.cr.cl.DyeInteractionHandler/]: createcc 染色点击 (2.0, -58.23188219323403, 6.2840812812713205) -> 未命中连接线
[10:18:13] [Render thread/INFO] [co.co.cr.cl.DyeInteractionHandler/]: createcc 染色点击 (2.0, -58.23800295592615, 6.284081250043833) -> 未命中连接线
[10:18:14] [Render thread/INFO] [co.co.cr.cl.DyeInteractionHandler/]: createcc 染色点击 (2.0, -58.23800295592615, 6.284081250043833) -> 未命中连接线
[10:18:14] [Render thread/INFO] [co.co.cr.cl.DyeInteractionHandler/]: createcc 染色点击 (2.0000000000000004, -58.11462530876388, 6.405156231974963) -> 未命中连接线
[10:18:14] [Render thread/INFO] [co.co.cr.cl.DyeInteractionHandler/]: createcc 染色点击 (2.0, -58.060458823907716, 6.306480359255025) -> 未命中连接线
[10:18:15] [Render thread/INFO] [co.co.cr.cl.DyeInteractionHandler/]: createcc 染色点击 (2.0, -57.881441210500526, 6.23779495922254) -> 未命中连接线
[10:18:15] [Render thread/INFO] [co.co.cr.cl.DyeInteractionHandler/]: createcc 染色点击 (2.0, -57.45182100512841, 6.177671792702842) -> 未命中连接线
[10:18:16] [Render thread/INFO] [co.co.cr.cl.DyeInteractionHandler/]: createcc 染色点击 (2.0, -58.011367409393486, 6.1213968880349405) -> 未命中连接线
[10:18:16] [Render thread/INFO] [co.co.cr.cl.DyeInteractionHandler/]: createcc 染色点击 (2.000000000000001, -57.739837356231, 6.276806997369868) -> 未命中连接线
[10:18:16] [Render thread/INFO] [co.co.cr.cl.DyeInteractionHandler/]: createcc 染色点击 (2.0, -58.00888623391275, 6.211660895730004) -> 未命中连接线
[10:18:17] [Render thread/INFO] [co.co.cr.cl.DyeInteractionHandler/]: createcc 染色点击 (2.0, -58.3100380039998, 6.240045108134638) -> 未命中连接线
[10:18:18] [Render thread/INFO] [co.co.cr.cl.DyeInteractionHandler/]: createcc 染色点击 (2.0, -57.85597221255335, 7.205715963386963) -> 未命中连接线
[10:18:18] [Render thread/INFO] [co.co.cr.cl.DyeInteractionHandler/]: createcc 染色点击 (2.0, -57.79525816366657, 7.148608815031118) -> 未命中连接线
[10:18:19] [Render thread/INFO] [co.co.cr.cl.DyeInteractionHandler/]: createcc 染色点击 (2.0, -57.815546263994364, 7.105546067000117) -> 未命中连接线
[10:18:19] [Render thread/INFO] [co.co.cr.cl.DyeInteractionHandler/]: createcc 染色点击 (2.0, -57.930795539375424, 7.026833605229164) -> 未命中连接线
[10:18:19] [Render thread/INFO] [co.co.cr.cl.DyeInteractionHandler/]: createcc 染色点击 (2.0, -57.77326811313776, 6.977660543115326) -> 未命中连接线
[10:18:20] [Render thread/INFO] [co.co.cr.cl.DyeInteractionHandler/]: createcc 染色点击 (2.0, -57.77326811313776, 6.977660543115326) -> 未命中连接线
[10:18:20] [Render thread/INFO] [co.co.cr.cl.DyeInteractionHandler/]: createcc 染色点击 (2.0, -57.77326811313776, 6.977660543115326) -> 未命中连接线
[10:18:20] [Render thread/INFO] [co.co.cr.cl.DyeInteractionHandler/]: createcc 染色点击 (2.0, -57.84388396349849, 6.917518328628398) -> 未命中连接线
[10:18:21] [Render thread/INFO] [co.co.cr.cl.DyeInteractionHandler/]: createcc 染色点击 (2.0, -57.76589947200475, 6.918374692343292) -> 未命中连接线
[10:18:21] [Render thread/INFO] [co.co.cr.cl.DyeInteractionHandler/]: createcc 染色点击 (2.0, -57.76589947200475, 6.918374692343292) -> 未命中连接线
[10:18:22] [Render thread/INFO] [co.co.cr.cl.DyeInteractionHandler/]: createcc 染色点击 (2.0, -56.76546389456223, 6.926214761951071) -> 未命中连接线
[10:18:22] [Render thread/INFO] [co.co.cr.cl.DyeInteractionHandler/]: createcc 染色点击 (2.0, -56.70158001897296, 6.921608070071932) -> 未命中连接线
[10:18:24] [Render thread/INFO] [co.co.cr.cl.DyeInteractionHandler/]: createcc 染色点击 (1.9999999999999998, -57.74090384263458, 6.212026156490877) -> BlockPos{x=1, y=-59, z=6} -> BlockPos{x=1, y=-57, z=6}
[10:18:24] [Render thread/INFO] [co.co.cr.cl.DyeInteractionHandler/]: createcc 染色点击 (1.9999999999999998, -57.74090384263458, 6.212026156490877) -> BlockPos{x=1, y=-59, z=6} -> BlockPos{x=1, y=-57, z=6}
[10:18:25] [Render thread/INFO] [co.co.cr.cl.DyeInteractionHandler/]: createcc 染色点击 (1.9999999999999998, -57.51910342611045, 6.235991803383686) -> BlockPos{x=1, y=-59, z=6} -> BlockPos{x=1, y=-57, z=6}
[10:18:26] [Render thread/INFO] [co.co.cr.cl.DyeInteractionHandler/]: createcc 染色点击 (1.9999999999999998, -57.816560426138174, 6.41523296148607) -> BlockPos{x=1, y=-59, z=6} -> BlockPos{x=1, y=-58, z=7}
[10:18:26] [Render thread/INFO] [co.co.cr.cl.DyeInteractionHandler/]: createcc 染色点击 (1.9999999999999998, -56.676116100864505, 6.998451653061473) -> BlockPos{x=1, y=-58, z=7} -> BlockPos{x=1, y=-57, z=6}
[10:18:29] [Render thread/INFO] [co.co.cr.cl.DyeInteractionHandler/]: createcc 染色点击 (1.9999999999999998, -57.669645500999636, 6.80635618696024) -> BlockPos{x=1, y=-59, z=6} -> BlockPos{x=1, y=-58, z=7}
[10:18:33] [Render thread/INFO] [co.co.cr.cl.DyeInteractionHandler/]: createcc 染色点击 (2.0, -58.12649001086863, 6.157344760477078) -> 未命中连接线
[10:18:33] [Render thread/INFO] [co.co.cr.cl.DyeInteractionHandler/]: createcc 染色点击 (2.0, -58.28822761371905, 6.214997519693658) -> 未命中连接线
[10:18:34] [Render thread/INFO] [co.co.cr.cl.DyeInteractionHandler/]: createcc 染色点击 (2.0, -58.02640019047678, 6.2493649761669685) -> 未命中连接线
[10:18:34] [Render thread/INFO] [co.co.cr.cl.DyeInteractionHandler/]: createcc 染色点击 (2.0, -57.99080624535818, 6.255275508217829) -> 未命中连接线
[10:18:35] [Render thread/INFO] [co.co.cr.cl.DyeInteractionHandler/]: createcc 染色点击 (1.9999999999999998, -57.77522605190624, 6.726387174997253) -> BlockPos{x=1, y=-59, z=6} -> BlockPos{x=1, y=-58, z=7}
[10:18:40] [Server thread/INFO] [minecraft/IntegratedServer]: Saving and pausing game...
[10:18:40] [Server thread/INFO] [minecraft/MinecraftServer]: Saving chunks for level 'ServerLevel[新的世界]'/minecraft:overworld
[10:18:40] [Server thread/INFO] [minecraft/MinecraftServer]: Saving chunks for level 'ServerLevel[新的世界]'/minecraft:the_nether
[10:18:40] [Server thread/INFO] [minecraft/MinecraftServer]: Saving chunks for level 'ServerLevel[新的世界]'/minecraft:the_end
[10:20:38] [Render thread/INFO] [co.co.cr.cl.DyeInteractionHandler/]: createcc 染色点击 (2.0, -57.786640618261046, 6.2901800661829155) -> 未命中连接线
[10:20:38] [Render thread/INFO] [co.co.cr.cl.DyeInteractionHandler/]: createcc 染色点击 (2.0, -57.786640618261046, 6.2901800661829155) -> 未命中连接线
[10:20:38] [Render thread/INFO] [co.co.cr.cl.DyeInteractionHandler/]: createcc 染色点击 (2.0, -57.786640618261046, 6.2901800661829155) -> 未命中连接线
[10:20:39] [Render thread/INFO] [co.co.cr.cl.DyeInteractionHandler/]: createcc 染色点击 (2.0, -58.03932414419856, 6.116000336980317) -> 未命中连接线
[10:20:39] [Render thread/INFO] [co.co.cr.cl.DyeInteractionHandler/]: createcc 染色点击 (2.0, -58.118128359321624, 6.135826436462768) -> 未命中连接线
[10:20:39] [Render thread/INFO] [co.co.cr.cl.DyeInteractionHandler/]: createcc 染色点击 (2.0, -58.26996862251378, 6.254811280028904) -> 未命中连接线
[10:20:40] [Render thread/INFO] [co.co.cr.cl.DyeInteractionHandler/]: createcc 染色点击 (2.0, -57.74951819471444, 6.795748743806435) -> 未命中连接线
[10:20:40] [Render thread/INFO] [co.co.cr.cl.DyeInteractionHandler/]: createcc 染色点击 (1.9999999999999996, -57.71889120138226, 7.154813985613535) -> BlockPos{x=1, y=-59, z=6} -> BlockPos{x=1, y=-58, z=7}
[10:20:40] [Render thread/INFO] [co.co.cr.cl.DyeInteractionHandler/]: createcc 染色点击 (2.0, -57.76286579414451, 7.258810686781209) -> 未命中连接线
[10:20:45] [Server thread/INFO] [minecraft/IntegratedServer]: Saving and pausing game...
[10:20:45] [Server thread/INFO] [minecraft/MinecraftServer]: Saving chunks for level 'ServerLevel[新的世界]'/minecraft:overworld
[10:20:45] [Server thread/INFO] [minecraft/MinecraftServer]: Saving chunks for level 'ServerLevel[新的世界]'/minecraft:the_nether
[10:20:45] [Server thread/INFO] [minecraft/MinecraftServer]: Saving chunks for level 'ServerLevel[新的世界]'/minecraft:the_end
[10:21:33] [Server thread/INFO] [minecraft/IntegratedServer]: Saving and pausing game...
[10:21:33] [Server thread/INFO] [minecraft/MinecraftServer]: Saving chunks for level 'ServerLevel[新的世界]'/minecraft:overworld
[10:21:33] [Server thread/INFO] [minecraft/MinecraftServer]: Saving chunks for level 'ServerLevel[新的世界]'/minecraft:the_nether
[10:21:33] [Server thread/INFO] [minecraft/MinecraftServer]: Saving chunks for level 'ServerLevel[新的世界]'/minecraft:the_end
[10:26:20] [Server thread/INFO] [minecraft/MinecraftServer]: [Dev: 已将时间设为1000]
[10:26:20] [Render thread/INFO] [minecraft/ChatComponent]: [System] [CHAT] 已将时间设为1000
[10:27:13] [Render thread/INFO] [co.co.cr.cl.DyeInteractionHandler/]: createcc 染色点击 (1.9999999999999998, -58.2328345224212, 5.726255792642719) -> BlockPos{x=1, y=-59, z=5} -> BlockPos{x=1, y=-58, z=5}
[10:27:15] [Render thread/INFO] [co.co.cr.cl.DyeInteractionHandler/]: createcc 染色点击 (2.0, -58.216389817608665, 6.722860606188701) -> 未命中连接线
[10:27:16] [Render thread/INFO] [co.co.cr.cl.DyeInteractionHandler/]: createcc 染色点击 (2.0, -57.9379986736336, 6.803903843856909) -> 未命中连接线
[10:27:16] [Render thread/INFO] [co.co.cr.cl.DyeInteractionHandler/]: createcc 染色点击 (2.0, -57.689727598155166, 6.702666008522924) -> 未命中连接线
[10:27:16] [Render thread/INFO] [co.co.cr.cl.DyeInteractionHandler/]: createcc 染色点击 (2.0, -57.57035662556484, 6.696837547728099) -> 未命中连接线
[10:27:17] [Render thread/INFO] [co.co.cr.cl.DyeInteractionHandler/]: createcc 染色点击 (2.0, -58.13499910843226, 6.736470548950183) -> 未命中连接线
[10:27:18] [Server thread/INFO] [minecraft/IntegratedServer]: Saving and pausing game...
[10:27:18] [Server thread/INFO] [minecraft/MinecraftServer]: Saving chunks for level 'ServerLevel[新的世界]'/minecraft:overworld
[10:27:18] [Server thread/INFO] [minecraft/MinecraftServer]: Saving chunks for level 'ServerLevel[新的世界]'/minecraft:the_nether
[10:27:18] [Server thread/INFO] [minecraft/MinecraftServer]: Saving chunks for level 'ServerLevel[新的世界]'/minecraft:the_end
[10:27:27] [Render thread/INFO] [co.co.cr.cl.DyeInteractionHandler/]: createcc 染色点击 (2.0, -58.16326464099455, 6.742256740488512) -> 未命中连接线
[10:27:28] [Render thread/INFO] [co.co.cr.cl.DyeInteractionHandler/]: createcc 染色点击 (2.0, -57.707774223511, 6.696837535796296) -> 未命中连接线
[10:27:28] [Render thread/INFO] [co.co.cr.cl.DyeInteractionHandler/]: createcc 染色点击 (2.0, -57.56853329324811, 6.674084656404693) -> 未命中连接线
[10:27:29] [Render thread/INFO] [co.co.cr.cl.DyeInteractionHandler/]: createcc 染色点击 (2.0, -57.82130756763038, 6.795040276710776) -> 未命中连接线
[10:27:30] [Render thread/INFO] [co.co.cr.cl.DyeInteractionHandler/]: createcc 染色点击 (2.0, -58.1850359477615, 6.720818915299686) -> 未命中连接线
[10:27:30] [Render thread/INFO] [co.co.cr.cl.DyeInteractionHandler/]: createcc 染色点击 (2.0, -58.0947594970199, 6.586405673114624) -> 未命中连接线
[10:27:30] [Render thread/INFO] [co.co.cr.cl.DyeInteractionHandler/]: createcc 染色点击 (2.0, -58.0947594970199, 6.586405673114624) -> 未命中连接线
[10:27:31] [Render thread/INFO] [co.co.cr.cl.DyeInteractionHandler/]: createcc 染色点击 (2.0, -57.82776453862104, 6.804307015106292) -> 未命中连接线
[10:27:31] [Render thread/INFO] [co.co.cr.cl.DyeInteractionHandler/]: createcc 染色点击 (2.0, -57.82776453862104, 6.804307015106292) -> 未命中连接线
[10:27:32] [Render thread/INFO] [co.co.cr.cl.DyeInteractionHandler/]: createcc 染色点击 (2.0, -58.00620768386669, 6.7514675382123555) -> 未命中连接线
[10:27:32] [Render thread/INFO] [co.co.cr.cl.DyeInteractionHandler/]: createcc 染色点击 (2.0, -58.0659555486718, 6.709308101287644) -> 未命中连接线
[10:27:32] [Render thread/INFO] [co.co.cr.cl.DyeInteractionHandler/]: createcc 染色点击 (2.0, -58.103861849352555, 6.6934495832866965) -> 未命中连接线
[10:27:32] [Render thread/INFO] [co.co.cr.cl.DyeInteractionHandler/]: createcc 染色点击 (1.9999999999999998, -58.25065134628158, 7.77929369376173) -> BlockPos{x=1, y=-59, z=7} -> BlockPos{x=1, y=-58, z=7}
[10:27:33] [Render thread/INFO] [co.co.cr.cl.DyeInteractionHandler/]: createcc 染色点击 (1.9999999999999998, -57.7238696379666, 6.719064276902678) -> BlockPos{x=1, y=-59, z=6} -> BlockPos{x=1, y=-58, z=6}
[10:27:35] [Render thread/INFO] [co.co.cr.cl.DyeInteractionHandler/]: createcc 染色点击 (2.0, -58.10890601183399, 7.713835030493268) -> 未命中连接线
[10:27:35] [Render thread/INFO] [co.co.cr.cl.DyeInteractionHandler/]: createcc 染色点击 (2.0, -57.82792129815746, 7.7449854987164235) -> 未命中连接线
[10:27:36] [Render thread/INFO] [co.co.cr.cl.DyeInteractionHandler/]: createcc 染色点击 (2.0, -58.12397988316059, 7.7741465599390045) -> 未命中连接线
[10:27:37] [Render thread/INFO] [co.co.cr.cl.DyeInteractionHandler/]: createcc 染色点击 (2.0, -58.04671476264269, 7.645833702710224) -> 未命中连接线
[10:27:37] [Render thread/INFO] [co.co.cr.cl.DyeInteractionHandler/]: createcc 染色点击 (2.0, -58.14534408381369, 7.791235815766948) -> 未命中连接线
[10:27:38] [Render thread/INFO] [co.co.cr.cl.DyeInteractionHandler/]: createcc 染色点击 (2.0, -58.23592613305171, 7.913211990151351) -> 未命中连接线
[10:27:38] [Render thread/INFO] [co.co.cr.cl.DyeInteractionHandler/]: createcc 染色点击 (2.0, -57.783012114610344, 7.854511956909435) -> 未命中连接线
[10:27:39] [Render thread/INFO] [co.co.cr.cl.DyeInteractionHandler/]: createcc 染色点击 (2.0, -58.19595670130616, 8.753753131319247) -> 未命中连接线
[10:27:39] [Render thread/INFO] [co.co.cr.cl.DyeInteractionHandler/]: createcc 染色点击 (2.0, -58.185759670289755, 8.517355376497571) -> 未命中连接线
[10:27:40] [Render thread/INFO] [co.co.cr.cl.DyeInteractionHandler/]: createcc 染色点击 (2.0, -57.88989575554205, 7.708374450632553) -> 未命中连接线
[10:27:40] [Render thread/INFO] [co.co.cr.cl.DyeInteractionHandler/]: createcc 染色点击 (2.0, -57.535710000656614, 7.66092142944261) -> 未命中连接线
[10:27:41] [Render thread/INFO] [co.co.cr.cl.DyeInteractionHandler/]: createcc 染色点击 (2.0, -57.53771282327158, 7.660753541146638) -> 未命中连接线
[10:27:41] [Render thread/INFO] [co.co.cr.cl.DyeInteractionHandler/]: createcc 染色点击 (2.0, -58.01725625076682, 7.712331810409002) -> 未命中连接线
[10:27:41] [Render thread/INFO] [co.co.cr.cl.DyeInteractionHandler/]: createcc 染色点击 (2.0, -58.177434365366125, 7.50266815766484) -> 未命中连接线
[10:27:42] [Render thread/INFO] [co.co.cr.cl.DyeInteractionHandler/]: createcc 染色点击 (2.0, -58.20757388932101, 7.5327029373905185) -> 未命中连接线
[10:27:42] [Render thread/INFO] [co.co.cr.cl.DyeInteractionHandler/]: createcc 染色点击 (2.0, -58.21701710774726, 7.921027746365217) -> 未命中连接线
[10:27:42] [Render thread/INFO] [co.co.cr.cl.DyeInteractionHandler/]: createcc 染色点击 (2.0, -58.15668407954174, 9.179592357955487) -> 未命中连接线
[10:27:43] [Render thread/INFO] [co.co.cr.cl.DyeInteractionHandler/]: createcc 染色点击 (2.0, -58.09712249184577, 8.755398639425394) -> 未命中连接线
[10:27:43] [Render thread/INFO] [co.co.cr.cl.DyeInteractionHandler/]: createcc 染色点击 (2.0, -58.09712249184577, 8.752385956155942) -> 未命中连接线
[10:27:43] [Render thread/INFO] [co.co.cr.cl.DyeInteractionHandler/]: createcc 染色点击 (2.0, -57.96815601512624, 9.645557340652399) -> 未命中连接线
[10:27:44] [Render thread/INFO] [co.co.cr.cl.DyeInteractionHandler/]: createcc 染色点击 (2.0, -57.866802606551815, 9.723506690751792) -> 未命中连接线
[10:27:44] [Render thread/INFO] [co.co.cr.cl.DyeInteractionHandler/]: createcc 染色点击 (2.0, -57.866802606551815, 9.723506690751792) -> 未命中连接线
[10:27:44] [Render thread/INFO] [co.co.cr.cl.DyeInteractionHandler/]: createcc 染色点击 (2.0, -58.31443548416516, 9.721202689472596) -> 未命中连接线
[10:27:45] [Render thread/INFO] [co.co.cr.cl.DyeInteractionHandler/]: createcc 染色点击 (2.0000000000000004, -58.242339859683895, 7.753042377397303) -> 未命中连接线
[10:27:45] [Render thread/INFO] [co.co.cr.cl.DyeInteractionHandler/]: createcc 染色点击 (2.0, -57.92889336884297, 7.755553562668718) -> 未命中连接线
[10:27:45] [Render thread/INFO] [co.co.cr.cl.DyeInteractionHandler/]: createcc 染色点击 (2.0, -57.906480599475316, 7.755553563190161) -> 未命中连接线
[10:27:45] [Render thread/INFO] [co.co.cr.cl.DyeInteractionHandler/]: createcc 染色点击 (2.0, -57.906480599475316, 7.755553563190161) -> 未命中连接线
[10:27:46] [Render thread/INFO] [co.co.cr.cl.DyeInteractionHandler/]: createcc 染色点击 (1.9999999999999998, -57.901844777387645, 7.7555535684922035) -> BlockPos{x=1, y=-59, z=7} -> BlockPos{x=1, y=-58, z=7}
[10:27:46] [Render thread/INFO] [co.co.cr.cl.DyeInteractionHandler/]: createcc 染色点击 (2.0, -57.59561146735283, 7.701093686953543) -> 未命中连接线
[10:27:50] [Render thread/INFO] [co.co.cr.cl.DyeInteractionHandler/]: createcc 染色点击 (2.0, -58.24608701567964, 8.793715657726208) -> 未命中连接线
[10:27:51] [Render thread/INFO] [co.co.cr.cl.DyeInteractionHandler/]: createcc 染色点击 (2.0, -58.1368453068759, 9.765569369576214) -> 未命中连接线
[10:27:51] [Render thread/INFO] [co.co.cr.cl.DyeInteractionHandler/]: createcc 染色点击 (2.0000000000000004, -57.79322426335708, 9.69694221731779) -> 未命中连接线
[10:27:52] [Render thread/INFO] [co.co.cr.cl.DyeInteractionHandler/]: createcc 染色点击 (2.0, -57.564307324419154, 9.696942224181099) -> 未命中连接线
[10:27:52] [Render thread/INFO] [co.co.cr.cl.DyeInteractionHandler/]: createcc 染色点击 (2.0, -58.18987456631546, 9.469864531570716) -> 未命中连接线
[10:27:53] [Render thread/INFO] [co.co.cr.cl.DyeInteractionHandler/]: createcc 染色点击 (2.0, -58.163499998803786, 9.708238282329944) -> 未命中连接线
[10:27:53] [Render thread/INFO] [co.co.cr.cl.DyeInteractionHandler/]: createcc 染色点击 (2.0, -57.92203485751538, 9.708238313249744) -> 未命中连接线
[10:27:53] [Render thread/INFO] [co.co.cr.cl.DyeInteractionHandler/]: createcc 染色点击 (2.0, -57.778857726324574, 9.722045088082261) -> 未命中连接线
[10:27:54] [Render thread/INFO] [co.co.cr.cl.DyeInteractionHandler/]: createcc 染色点击 (2.0, -58.01004910826622, 9.887146867316531) -> 未命中连接线
[10:27:54] [Render thread/INFO] [co.co.cr.cl.DyeInteractionHandler/]: createcc 染色点击 (2.0, -58.16845119961656, 9.995969680175309) -> 未命中连接线
[10:27:54] [Render thread/INFO] [co.co.cr.cl.DyeInteractionHandler/]: createcc 染色点击 (2.0, -58.11165210399989, 9.709055796585602) -> 未命中连接线
[10:27:54] [Render thread/INFO] [co.co.cr.cl.DyeInteractionHandler/]: createcc 染色点击 (2.0, -58.11165210399989, 9.714032009500698) -> 未命中连接线
[10:27:55] [Render thread/INFO] [co.co.cr.cl.DyeInteractionHandler/]: createcc 染色点击 (2.0, -58.10038149635897, 8.798702909836104) -> 未命中连接线
[10:27:55] [Render thread/INFO] [co.co.cr.cl.DyeInteractionHandler/]: createcc 染色点击 (2.0, -58.09231748207279, 8.73526889799658) -> 未命中连接线
[10:27:55] [Render thread/INFO] [co.co.cr.cl.DyeInteractionHandler/]: createcc 染色点击 (2.0, -58.10250394113786, 9.59922987144739) -> 未命中连接线
[10:27:55] [Render thread/INFO] [co.co.cr.cl.DyeInteractionHandler/]: createcc 染色点击 (2.0, -58.130408533207934, 9.706873221939397) -> 未命中连接线
[10:27:56] [Render thread/INFO] [co.co.cr.cl.DyeInteractionHandler/]: createcc 染色点击 (2.0, -58.09982241436108, 9.70990757081054) -> 未命中连接线
[10:27:56] [Render thread/INFO] [co.co.cr.cl.DyeInteractionHandler/]: createcc 染色点击 (2.0, -57.623782254044045, 9.747968414481265) -> 未命中连接线
[10:27:56] [Render thread/INFO] [co.co.cr.cl.DyeInteractionHandler/]: createcc 染色点击 (2.0, -57.538608277484876, 9.708505354934047) -> 未命中连接线
[10:27:57] [Render thread/INFO] [co.co.cr.cl.DyeInteractionHandler/]: createcc 染色点击 (2.0, -57.982231980275614, 9.714639601742604) -> 未命中连接线
[10:27:57] [Render thread/INFO] [co.co.cr.cl.DyeInteractionHandler/]: createcc 染色点击 (2.0, -58.11512597977295, 9.775437038159993) -> 未命中连接线
[10:27:58] [Render thread/INFO] [co.co.cr.cl.DyeInteractionHandler/]: createcc 染色点击 (2.0, -58.372751620268204, 9.777549629596148) -> 未命中连接线
[10:27:58] [Render thread/INFO] [co.co.cr.cl.DyeInteractionHandler/]: createcc 染色点击 (2.0, -58.350826376172066, 9.72451384488196) -> 未命中连接线
[10:27:58] [Render thread/INFO] [co.co.cr.cl.DyeInteractionHandler/]: createcc 染色点击 (2.0, -58.33730174294797, 9.719012175928585) -> 未命中连接线
[10:27:59] [Render thread/INFO] [co.co.cr.cl.DyeInteractionHandler/]: createcc 染色点击 (2.0, -58.33695215929861, 9.533268172185688) -> 未命中连接线
[10:27:59] [Render thread/INFO] [co.co.cr.cl.DyeInteractionHandler/]: createcc 染色点击 (2.0, -58.34679300275609, 9.64445471131484) -> 未命中连接线
[10:28:00] [Render thread/INFO] [co.co.cr.cl.DyeInteractionHandler/]: createcc 染色点击 (2.0, -58.344904339346975, 9.6562150176577) -> 未命中连接线
[10:28:00] [Render thread/INFO] [co.co.cr.cl.DyeInteractionHandler/]: createcc 染色点击 (2.0, -58.315552588790126, 9.696689647853608) -> 未命中连接线
[10:28:00] [Render thread/INFO] [co.co.cr.cl.DyeInteractionHandler/]: createcc 染色点击 (2.0, -58.29936407581687, 9.705898138270173) -> 未命中连接线
[10:28:00] [Render thread/INFO] [co.co.cr.cl.DyeInteractionHandler/]: createcc 染色点击 (2.0, -58.29072765154233, 9.708221045715733) -> 未命中连接线
[10:28:01] [Render thread/INFO] [co.co.cr.cl.DyeInteractionHandler/]: createcc 染色点击 (2.0, -58.26198484984448, 9.710648056228603) -> 未命中连接线
[10:28:01] [Render thread/INFO] [co.co.cr.cl.DyeInteractionHandler/]: createcc 染色点击 (2.0, -58.15124722501427, 9.687742362314095) -> 未命中连接线
[10:28:01] [Render thread/INFO] [co.co.cr.cl.DyeInteractionHandler/]: createcc 染色点击 (2.0, -57.56233471923699, 9.801576183649752) -> 未命中连接线
[10:28:02] [Render thread/INFO] [co.co.cr.cl.DyeInteractionHandler/]: createcc 染色点击 (2.0, -57.542284469244244, 9.790738188150675) -> 未命中连接线
[10:28:02] [Render thread/INFO] [co.co.cr.cl.DyeInteractionHandler/]: createcc 染色点击 (1.9753026351180738, -57.5, 9.72031503525671) -> BlockPos{x=1, y=-59, z=9} -> BlockPos{x=1, y=-58, z=9}
[10:28:06] [Render thread/INFO] [co.co.cr.cl.DyeInteractionHandler/]: createcc 染色点击 (1.9802243279222338, -57.5, 10.74428305718801) -> BlockPos{x=1, y=-59, z=10} -> BlockPos{x=1, y=-58, z=10}
[10:28:08] [Render thread/INFO] [co.co.cr.cl.DyeInteractionHandler/]: createcc 染色点击 (2.0, -57.510805559428256, 11.70078047604648) -> 未命中连接线
[10:28:08] [Render thread/INFO] [co.co.cr.cl.DyeInteractionHandler/]: createcc 染色点击 (1.8958326015052291, -57.5, 11.713178580412388) -> BlockPos{x=1, y=-59, z=11} -> BlockPos{x=1, y=-58, z=11}
[10:28:10] [Render thread/INFO] [co.co.cr.cl.DyeInteractionHandler/]: createcc 染色点击 (1.9446314235825342, -57.5, 12.78789619209238) -> BlockPos{x=1, y=-59, z=12} -> BlockPos{x=1, y=-58, z=12}
[10:28:25] [Render thread/INFO] [co.co.cr.cl.DyeInteractionHandler/]: createcc 染色点击 (2.0, -57.6535128069371, 13.750223614154038) -> 未命中连接线
[10:28:26] [Render thread/INFO] [co.co.cr.cl.DyeInteractionHandler/]: createcc 染色点击 (1.9407488489614266, -57.5, 13.772309012056464) -> BlockPos{x=1, y=-59, z=13} -> BlockPos{x=1, y=-58, z=13}
[10:28:27] [Render thread/INFO] [co.co.cr.cl.DyeInteractionHandler/]: createcc 染色点击 (1.9850109401826954, -57.5, 14.807976365802306) -> BlockPos{x=1, y=-59, z=14} -> BlockPos{x=1, y=-58, z=14}
[10:28:29] [Render thread/INFO] [co.co.cr.cl.DyeInteractionHandler/]: createcc 染色点击 (1.9767085780802391, -57.5, 15.66460824664891) -> BlockPos{x=1, y=-59, z=15} -> BlockPos{x=1, y=-58, z=15}
[10:28:31] [Render thread/INFO] [co.co.cr.cl.DyeInteractionHandler/]: createcc 染色点击 (1.9603539465213804, -57.5, 16.645740604109346) -> BlockPos{x=1, y=-59, z=16} -> BlockPos{x=1, y=-58, z=16}
[10:28:33] [Render thread/INFO] [co.co.cr.cl.DyeInteractionHandler/]: createcc 染色点击 (1.9059611706925437, -57.5, 17.842832294490837) -> BlockPos{x=1, y=-59, z=17} -> BlockPos{x=1, y=-58, z=17}
[10:28:35] [Render thread/INFO] [co.co.cr.cl.DyeInteractionHandler/]: createcc 染色点击 (1.91178426335259, -57.5, 18.91204523704593) -> BlockPos{x=1, y=-59, z=18} -> BlockPos{x=1, y=-58, z=18}
[10:28:37] [Render thread/INFO] [co.co.cr.cl.DyeInteractionHandler/]: createcc 染色点击 (1.8794941720264875, -57.5, 19.758534396559337) -> BlockPos{x=1, y=-59, z=19} -> BlockPos{x=1, y=-58, z=19}
[10:28:40] [Render thread/INFO] [co.co.cr.cl.DyeInteractionHandler/]: createcc 染色点击 (1.9267278324468906, -57.5, 20.750708265871122) -> BlockPos{x=1, y=-59, z=20} -> BlockPos{x=1, y=-58, z=20}
[10:28:44] [Server thread/INFO] [minecraft/IntegratedServer]: Saving and pausing game...
[10:28:44] [Server thread/INFO] [minecraft/MinecraftServer]: Saving chunks for level 'ServerLevel[新的世界]'/minecraft:overworld
[10:28:44] [Server thread/INFO] [minecraft/MinecraftServer]: Saving chunks for level 'ServerLevel[新的世界]'/minecraft:the_nether
[10:28:44] [Server thread/INFO] [minecraft/MinecraftServer]: Saving chunks for level 'ServerLevel[新的世界]'/minecraft:the_end
[10:31:04] [Server thread/INFO] [minecraft/ServerGamePacketListenerImpl]: Dev lost connection: 连接中断
[10:31:04] [Server thread/INFO] [minecraft/MinecraftServer]: Dev退出了游戏
[10:31:04] [Server thread/INFO] [minecraft/ServerCommonPacketListenerImpl]: Stopping singleplayer server as player logged out
[10:31:04] [Server thread/INFO] [minecraft/MinecraftServer]: Stopping server
[10:31:04] [Server thread/INFO] [minecraft/MinecraftServer]: Saving players
[10:31:04] [Server thread/INFO] [minecraft/MinecraftServer]: Saving worlds
[10:31:04] [Server thread/INFO] [minecraft/MinecraftServer]: Saving chunks for level 'ServerLevel[新的世界]'/minecraft:overworld
[10:31:04] [Server thread/INFO] [minecraft/MinecraftServer]: Saving chunks for level 'ServerLevel[新的世界]'/minecraft:the_nether
[10:31:04] [Server thread/INFO] [minecraft/MinecraftServer]: Saving chunks for level 'ServerLevel[新的世界]'/minecraft:the_end
[10:31:04] [Server thread/INFO] [minecraft/MinecraftServer]: ThreadedAnvilChunkStorage (新的世界): All chunks are saved
[10:31:04] [Server thread/INFO] [minecraft/MinecraftServer]: ThreadedAnvilChunkStorage (DIM-1): All chunks are saved
[10:31:04] [Server thread/INFO] [minecraft/MinecraftServer]: ThreadedAnvilChunkStorage (DIM1): All chunks are saved
[10:31:04] [Server thread/INFO] [minecraft/MinecraftServer]: ThreadedAnvilChunkStorage: All dimensions are saved
[10:31:05] [Render thread/INFO] [minecraft/Minecraft]: Stopping!

[Incubating] Problems report is available at: file:///D:/GAMES/MCMod/create/colored-connections/build/reports/problems/problems-report.html

Deprecated Gradle features were used in this build, making it incompatible with Gradle 9.0.

You can use '--warning-mode all' to show the individual deprecation warnings and determine if they come from your own scripts or plugins.

For more on this, please refer to https://docs.gradle.org/8.12/userguide/command_line_interface.html#sec:command_line_warnings in the Gradle documentation.

BUILD SUCCESSFUL in 18m 34s
7 actionable tasks: 1 executed, 6 up-to-date
